error[E0308]: mismatched types
 --> tests/05-invalid-discriminant.rs:5:31
  |
5 |     #[disunity(discriminant = "nonsense")]
  |                               ^^^^^^^^^^ expected `isize`, found `&str`
